<html>
<body>
<pre>
<h1>µVision Build Log</h1>
<h2>Tool Versions:</h2>
IDE-Version: ¦ÌVision V5.14.0.0
Copyright (C) 2015 ARM Ltd and ARM Germany GmbH. All rights reserved.
License Information: A A, A, LIC=EXJT4-FQ7KK-63XMB-2LC2Q-IBFK7-VUER4
 
Tool Versions:
Toolchain:       MDK-ARM Standard  Version: 5.14.0.0
Toolchain Path:  D:\Keil_MDK5\ARM\ARMCC\Bin
C Compiler:      Armcc.exe V5.05 update 1 (build 106)
Assembler:       Armasm.exe V5.05 update 1 (build 106)
Linker/Locator:  ArmLink.exe V5.05 update 1 (build 106)
Library Manager: ArmAr.exe V5.05 update 1 (build 106)
Hex Converter:   FromElf.exe V5.05 update 1 (build 106)
CPU DLL:         SARMCM3.DLL V5.14.0.0
Dialog DLL:      DCM.DLL V1.13.1.0
Target DLL:      STLink\ST-LINKIII-KEIL_SWO.dll V2.0.14.0_KEIL
Dialog DLL:      TCM.DLL V1.14.4.0
 
<h2>Project:</h2>
C:\Users\Huirey\Desktop\wind_pendulum\Project.uvprojx
Project File Date:  07/12/2023

<h2>Output:</h2>
Build target 'Target 1'
compiling core_cm3.c...
compiling system_stm32f10x.c...
compiling misc.c...
compiling stm32f10x_adc.c...
compiling stm32f10x_bkp.c...
compiling stm32f10x_can.c...
compiling stm32f10x_cec.c...
compiling stm32f10x_crc.c...
compiling stm32f10x_dac.c...
compiling stm32f10x_dbgmcu.c...
compiling stm32f10x_dma.c...
compiling stm32f10x_exti.c...
compiling stm32f10x_flash.c...
compiling stm32f10x_fsmc.c...
compiling stm32f10x_gpio.c...
compiling stm32f10x_i2c.c...
compiling stm32f10x_iwdg.c...
compiling stm32f10x_pwr.c...
compiling stm32f10x_rcc.c...
compiling stm32f10x_rtc.c...
compiling stm32f10x_sdio.c...
compiling stm32f10x_spi.c...
compiling stm32f10x_tim.c...
compiling stm32f10x_usart.c...
compiling stm32f10x_wwdg.c...
compiling main.c...
.\HardWare\MPU6050\mpuexti.h(10): warning:  #1-D: last line of file ends without a newline
  #endif
User\main.c: 1 warning, 0 errors
compiling stm32f10x_it.c...
compiling delay.c...
compiling sys.c...
compiling usart.c...
compiling oled.c...
compiling mpu6050.c...
compiling mpuiic.c...
compiling inv_mpu.c...
HardWare\MPU6050\eMPL\inv_mpu.c(1939): warning:  #550-D: variable "st_shift_var" was set but never used
      float st_shift[3], st_shift_cust, st_shift_var;
HardWare\MPU6050\eMPL\inv_mpu.c: 1 warning, 0 errors
compiling inv_mpu_dmp_motion_driver.c...
compiling mpuexti.c...
HardWare\MPU6050\mpuexti.h(10): warning:  #1-D: last line of file ends without a newline
  #endif
HardWare\MPU6050\mpuexti.c: 1 warning, 0 errors
compiling motor.c...
HardWare\MOTOR\motor.c(154): warning:  #1-D: last line of file ends without a newline
  }
HardWare\MOTOR\motor.c: 1 warning, 0 errors
linking...
Program Size: Code=26250 RO-data=5998 RW-data=132 ZI-data=1852  
".\Objects\Project.axf" - 0 Error(s), 4 Warning(s).

<h2>Collection of Component include folders:</h2>
  C:\Users\Huirey\Desktop\wind_pendulum\RTE
  D:\Keil_MDK5\ARM\PACK\Keil\STM32F1xx_DFP\1.0.5\Device\Include

<h2>Collection of Component Files used:</h2>
</pre>
</body>
</html>
